[
  {
    "object_id": "dg.XXTS/b96018c5-db06-4af8-a195-28e339ba815e",
    "object_type": "unknown",
    "hostname": null,
    "file_size": -1,
    "file_name": null,
    "updated_time": null,
    "created_time": null,
    "access_methods": [],
    "children": []
  },
  {
    "object_id": "dg.XXTS/6d3eb293-8388-4c5d-83ef-d0c2bd5ba604",
    "object_type": "unknown",
    "hostname": null,
    "file_size": -1,
    "file_name": null,
    "updated_time": null,
    "created_time": null,
    "access_methods": [],
    "children": []
  },
  {
    "object_id": "dg.XXTS/6f9a924f-9d83-4597-8f66-fe7d3021729f",
    "object_type": "unknown",
    "hostname": null,
    "file_size": -1,
    "file_name": null,
    "updated_time": null,
    "created_time": null,
    "access_methods": [],
    "children": []
  },
  {
    "object_id": "dg.XXTS/0e618fef-e359-424b-b844-0ca320105176",
    "object_type": "unknown",
    "hostname": null,
    "file_size": -1,
    "file_name": null,
    "updated_time": null,
    "created_time": null,
    "access_methods": [],
    "children": []
  },
  {
    "object_id": "dg.XXTS/0e618fef-e359-424b-b844-0ca32010517a",
    "object_type": "unknown",
    "hostname": null,
    "file_size": -1,
    "file_name": null,
    "updated_time": null,
    "created_time": null,
    "access_methods": [],
    "children": []
  }
]